// Jest Snapshot v1, https://goo.gl/fbAQLP

exports[`Button :props :content 1`] = `<div><button type="button" class="t-button t-size-m t-button--variant-base t-button--theme-primary"><span class="t-button__text">bar</span></button><button type="button" class="t-button t-size-m t-button--variant-base t-button--theme-primary"><span class="t-button__text">bar</span></button><button type="button" class="t-button t-size-m t-button--variant-base t-button--theme-primary"><span class="t-button__text">foo</span></button><button type="button" class="t-button t-size-m t-button--variant-base t-button--theme-primary"><span class="t-button__text">foo</span></button><button type="button" class="t-button t-size-m t-button--variant-base t-button--theme-primary"><span class="t-button__text">bar</span></button></div>`;
