// Jest Snapshot v1, https://goo.gl/fbAQLP

exports[`Link :props :content 1`] = `<div><a target="" class="t-link t-size-m t-link--theme-default t-link--hover-underline">bar</a><a target="" class="t-link t-size-m t-link--theme-default t-link--hover-underline">bar</a><a target="" class="t-link t-size-m t-link--theme-default t-link--hover-underline">foo</a><a target="" class="t-link t-size-m t-link--theme-default t-link--hover-underline">foo</a><a target="" class="t-link t-size-m t-link--theme-default t-link--hover-underline">bar</a></div>`;

exports[`Link :props :disabled 1`] = `<a target="" class="t-link t-size-m t-link--theme-default t-is-disabled">text</a>`;

exports[`Link :props :hover 1`] = `<a target="" class="t-link t-size-m t-link--theme-default t-link--hover-color">text</a>`;

exports[`Link :props :size 1`] = `<a target="" class="t-link t-size-l t-link--theme-default t-link--hover-underline">text</a>`;

exports[`Link :props :theme 1`] = `<a target="" class="t-link t-size-m t-link--theme-primary t-link--hover-underline">text</a>`;

exports[`Link :props :underline 1`] = `<a target="" class="t-link t-size-m t-link--theme-default t-is-underline t-link--hover-underline">text</a>`;

exports[`Link <slot> <icon> 1`] = `<a target="" class="t-link t-size-m t-link--theme-default t-link--hover-underline"></a>`;
