// Jest Snapshot v1, https://goo.gl/fbAQLP

exports[`Slider base demo works fine 1`] = `
<div
  class="demo-slider"
>
  <div
    class="block"
  >
    <div
      aria-valuetext="12"
      class="t-slider__container"
    >
      <div
        aria-orientation="horizontal"
        aria-valuemax="100"
        aria-valuemin="0"
        class="t-slider"
        role="slider"
      >
        <div
          class="t-slider__rail"
        >
          <div
            class="t-slider__track"
            style="width: 0%; left: 0%;"
          />
          <div
            class="t-slider__button-wrapper"
            show-tooltip="true"
            style="left: 0%;"
            tabindex="0"
          >
            <div
              class="t-slider__button"
            />
          </div>
        </div>
      </div>
    </div>
  </div>
   
  <div
    class="block"
  >
    <div
      aria-valuetext="30-70"
      class="t-slider__container"
    >
      <div
        aria-orientation="horizontal"
        aria-valuemax="100"
        aria-valuemin="0"
        class="t-slider"
        role="slider"
        tooltip-props="[object Object]"
      >
        <div
          class="t-slider__rail"
        >
          <div
            class="t-slider__track"
            style="width: 0%; left: 0%;"
          />
          <div
            class="t-slider__button-wrapper"
            show-tooltip="true"
            style="left: 0%;"
            tabindex="0"
          >
            <div
              class="t-slider__button"
            />
          </div>
          <div
            class="t-slider__button-wrapper"
            show-tooltip="true"
            style="left: 0%;"
            tabindex="0"
          >
            <div
              class="t-slider__button"
            />
          </div>
        </div>
      </div>
    </div>
  </div>
</div>
`;
