// Vitest Snapshot v1

exports[`Input > $attrs > input attrs should pass to input element 1`] = `
VueWrapper {
  "_emitted": {
    "hook:mounted": [
      [],
    ],
  },
  "_emittedByOrder": [
    {
      "args": [],
      "name": "hook:mounted",
    },
  ],
  "isFunctionalComponent": undefined,
}
`;

exports[`Input > :props > :autocomplete 1`] = `
VueWrapper {
  "_emitted": {
    "hook:mounted": [
      [],
    ],
  },
  "_emittedByOrder": [
    {
      "args": [],
      "name": "hook:mounted",
    },
  ],
  "isFunctionalComponent": undefined,
}
`;

exports[`Input > :props > :disabled 1`] = `
VueWrapper {
  "_emitted": {
    "hook:mounted": [
      [],
    ],
  },
  "_emittedByOrder": [
    {
      "args": [],
      "name": "hook:mounted",
    },
  ],
  "isFunctionalComponent": undefined,
}
`;

exports[`Input > :props > :prefix-icon 1`] = `
VueWrapper {
  "_emitted": {
    "hook:mounted": [
      [],
    ],
  },
  "_emittedByOrder": [
    {
      "args": [],
      "name": "hook:mounted",
    },
  ],
  "isFunctionalComponent": undefined,
}
`;

exports[`Input > :props > :readonly 1`] = `
VueWrapper {
  "_emitted": {
    "hook:mounted": [
      [],
    ],
  },
  "_emittedByOrder": [
    {
      "args": [],
      "name": "hook:mounted",
    },
  ],
  "isFunctionalComponent": undefined,
}
`;

exports[`Input > :props > :size 1`] = `
VueWrapper {
  "_emitted": {
    "hook:mounted": [
      [],
    ],
  },
  "_emittedByOrder": [
    {
      "args": [],
      "name": "hook:mounted",
    },
  ],
  "isFunctionalComponent": undefined,
}
`;

exports[`Input > :props > :suffix-icon 1`] = `
VueWrapper {
  "_emitted": {
    "hook:mounted": [
      [],
    ],
  },
  "_emittedByOrder": [
    {
      "args": [],
      "name": "hook:mounted",
    },
  ],
  "isFunctionalComponent": undefined,
}
`;
