// Jest Snapshot v1, https://goo.gl/fbAQLP

exports[`Popconfirm base demo works fine 1`] = `
<div
  class="popconfirm-demo"
>
  <div
    class="tdesign-demo-block"
  >
    <div
      class="demo-item"
    >
      <button
        class="t-button t-size-m t-button--variant-base t-button--theme-primary"
        type="button"
      >
        <span
          class="t-button__text"
        >
          删除订单
        </span>
      </button>
    </div>
     
    <div
      class="demo-item"
    >
      <button
        class="t-button t-size-m t-button--variant-base t-button--theme-primary"
        type="button"
      >
        <span
          class="t-button__text"
        >
          提交审核
        </span>
      </button>
    </div>
  </div>
</div>
`;
