// Jest Snapshot v1, https://goo.gl/fbAQLP

exports[`Checkbox :props :checked 1`] = `<label class="t-checkbox t-is-checked"><input type="checkbox" class="t-checkbox__former" value=""><span class="t-checkbox__input"></span><span class="t-checkbox__label"></span></label>`;

exports[`Checkbox :props :defaultChecked 1`] = `<label class="t-checkbox t-is-checked"><input type="checkbox" class="t-checkbox__former" value=""><span class="t-checkbox__input"></span><span class="t-checkbox__label"></span></label>`;

exports[`Checkbox :props :disabled 1`] = `<label class="t-checkbox t-is-disabled"><input type="checkbox" disabled="disabled" class="t-checkbox__former" value=""><span class="t-checkbox__input"></span><span class="t-checkbox__label"></span></label>`;

exports[`Checkbox :props :indeterminate 1`] = `<label class="t-checkbox t-is-indeterminate"><input type="checkbox" indeterminate="indeterminate" class="t-checkbox__former" value=""><span class="t-checkbox__input"></span><span class="t-checkbox__label"></span></label>`;

exports[`Checkbox :props :name 1`] = `<label class="t-checkbox"><input type="checkbox" name="checkbox-name" class="t-checkbox__former" value=""><span class="t-checkbox__input"></span><span class="t-checkbox__label"></span></label>`;

exports[`Checkbox CheckboxGroup :props :checked 1`] = `<div class="t-checkbox-group" checked="checked"><label class="t-checkbox"><input type="checkbox" name="" class="t-checkbox__former" value="gz"><span class="t-checkbox__input"></span><span class="t-checkbox__label">广州</span></label><label class="t-checkbox t-is-disabled"><input type="checkbox" disabled="disabled" name="" class="t-checkbox__former" value="sz"><span class="t-checkbox__input"></span><span class="t-checkbox__label">深圳</span></label></div>`;

exports[`Checkbox CheckboxGroup :props :defaultChecked 1`] = `<div class="t-checkbox-group" defaultchecked="sz"><label class="t-checkbox"><input type="checkbox" name="" class="t-checkbox__former" value="gz"><span class="t-checkbox__input"></span><span class="t-checkbox__label">广州</span></label><label class="t-checkbox t-is-disabled"><input type="checkbox" disabled="disabled" name="" class="t-checkbox__former" value="sz"><span class="t-checkbox__input"></span><span class="t-checkbox__label">深圳</span></label></div>`;

exports[`Checkbox CheckboxGroup :props :disabled 1`] = `<div class="t-checkbox-group"><label class="t-checkbox t-is-disabled"><input type="checkbox" disabled="disabled" name="" class="t-checkbox__former" value="bj"><span class="t-checkbox__input"></span><span class="t-checkbox__label">北京</span></label><label class="t-checkbox t-is-disabled"><input type="checkbox" disabled="disabled" name="" class="t-checkbox__former" value="gz"><span class="t-checkbox__input"></span><span class="t-checkbox__label">广州</span></label><label class="t-checkbox"><input type="checkbox" name="" class="t-checkbox__former" value="sz"><span class="t-checkbox__input"></span><span class="t-checkbox__label">深圳</span></label></div>`;

exports[`Checkbox CheckboxGroup :props :max 1`] = `<div class="t-checkbox-group"><label class="t-checkbox t-is-disabled"><input type="checkbox" disabled="disabled" name="" class="t-checkbox__former" value="bj"><span class="t-checkbox__input"></span><span class="t-checkbox__label">北京</span></label><label class="t-checkbox t-is-checked"><input type="checkbox" name="" class="t-checkbox__former" value="gz"><span class="t-checkbox__input"></span><span class="t-checkbox__label">广州</span></label><label class="t-checkbox t-is-checked"><input type="checkbox" name="" class="t-checkbox__former" value="sz"><span class="t-checkbox__input"></span><span class="t-checkbox__label">深圳</span></label></div>`;

exports[`Checkbox CheckboxGroup :props :name 1`] = `<div class="t-checkbox-group"><label class="t-checkbox"><input type="checkbox" name="checkbox-name" class="t-checkbox__former" value="gz"><span class="t-checkbox__input"></span><span class="t-checkbox__label">广州</span></label><label class="t-checkbox t-is-disabled"><input type="checkbox" disabled="disabled" name="checkbox-name" class="t-checkbox__former" value="sz"><span class="t-checkbox__input"></span><span class="t-checkbox__label">深圳</span></label></div>`;

exports[`Checkbox CheckboxGroup :props :options 1`] = `<div class="t-checkbox-group"><label class="t-checkbox t-is-disabled"><input type="checkbox" disabled="disabled" name="" class="t-checkbox__former" value="gz"><span class="t-checkbox__input"></span><span class="t-checkbox__label">广州</span></label><label class="t-checkbox"><input type="checkbox" name="" class="t-checkbox__former" value="sz"><span class="t-checkbox__input"></span><span class="t-checkbox__label">深圳</span></label></div>`;
