// Jest Snapshot v1, https://goo.gl/fbAQLP

exports[`Input $attrs input attrs should pass to input element 1`] = `
<div class="t-input__wrap">
  <div maxlength="20" class="t-input t-size-m t-input--suffix"><input autocomplete="" placeholder="please text" name="password" type="password" unselectable="off" class="t-input__inner"><span class="t-input__suffix t-input__suffix-icon"><svg fill="none" viewBox="0 0 16 16" width="1em" height="1em" class="t-icon t-icon-browse-off t-input__suffix-clear"><path fill="currentColor" d="M10.77 11.98l1.38 1.37.7-.7-9.7-9.7-.7.7 1.2 1.21a7.9 7.9 0 00-2.53 2.91L1 8l.12.23a7.72 7.72 0 009.65 3.75zM10 11.2A6.67 6.67 0 012.11 8c.56-1 1.34-1.83 2.26-2.43l1.08 1.09a2.88 2.88 0 003.9 3.9l.64.64zM6.21 7.42l2.37 2.37a1.88 1.88 0 01-2.37-2.37zM14.88 8.23L15 8l-.12-.23a7.73 7.73 0 00-9.35-3.86l.8.8A6.7 6.7 0 0113.9 8a6.87 6.87 0 01-2.02 2.26l.7.7a7.9 7.9 0 002.3-2.73z" fill-opacity="0.9"></path><path fill="currentColor" d="M10.88 8c0 .37-.07.73-.2 1.06l-.82-.82.02-.24a1.88 1.88 0 00-2.12-1.86l-.82-.82A2.87 2.87 0 0110.88 8z" fill-opacity="0.9"></path></svg></span></div>
</div>
`;

exports[`Input :props :autocomplete 1`] = `
<div class="t-input__wrap">
  <div class="t-input t-size-m"><input autocomplete="true" placeholder="请输入" type="text" unselectable="off" class="t-input__inner"></div>
</div>
`;

exports[`Input :props :disabled 1`] = `
<div class="t-input__wrap">
  <div class="t-input t-size-m t-is-disabled"><input disabled="disabled" autocomplete="" placeholder="请输入" type="text" unselectable="off" class="t-input__inner"></div>
</div>
`;

exports[`Input :props :prefix-icon 1`] = `
<div class="t-input__wrap">
  <div class="t-input t-size-m t-input--prefix"><span class="t-input__prefix t-input__prefix-icon"><i class="icon"></i></span><input autocomplete="" placeholder="请输入" type="text" unselectable="off" class="t-input__inner"></div>
</div>
`;

exports[`Input :props :readonly 1`] = `
<div class="t-input__wrap">
  <div class="t-input t-size-m t-is-readonly"><input readonly="readonly" autocomplete="" placeholder="请输入" type="text" unselectable="on" class="t-input__inner"></div>
</div>
`;

exports[`Input :props :size 1`] = `
<div class="t-input__wrap">
  <div class="t-input t-size-l"><input autocomplete="" placeholder="请输入" type="text" unselectable="off" class="t-input__inner"></div>
</div>
`;

exports[`Input :props :suffix-icon 1`] = `
<div class="t-input__wrap">
  <div class="t-input t-size-m t-input--suffix"><input autocomplete="" placeholder="请输入" type="text" unselectable="off" class="t-input__inner"><span class="t-input__suffix t-input__suffix-icon"><i class="icon"></i></span></div>
</div>
`;
