// Vitest Snapshot v1

exports[`List > :props > :asyncLoading is a function, () => VNode. 1`] = `
VueWrapper {
  "_emitted": {
    "hook:mounted": [
      [],
    ],
  },
  "_emittedByOrder": [
    {
      "args": [],
      "name": "hook:mounted",
    },
  ],
  "isFunctionalComponent": undefined,
}
`;

exports[`List > :props > :asyncLoading is a string 1`] = `
VueWrapper {
  "_emitted": {
    "hook:mounted": [
      [],
    ],
  },
  "_emittedByOrder": [
    {
      "args": [],
      "name": "hook:mounted",
    },
  ],
  "isFunctionalComponent": undefined,
}
`;

exports[`List > :props > :asyncLoading is load-more 1`] = `
VueWrapper {
  "_emitted": {
    "hook:mounted": [
      [],
    ],
  },
  "_emittedByOrder": [
    {
      "args": [],
      "name": "hook:mounted",
    },
  ],
  "isFunctionalComponent": undefined,
}
`;

exports[`List > :props > :footer is a function, () => VNode. 1`] = `
VueWrapper {
  "_emitted": {
    "hook:mounted": [
      [],
    ],
  },
  "_emittedByOrder": [
    {
      "args": [],
      "name": "hook:mounted",
    },
  ],
  "isFunctionalComponent": undefined,
}
`;

exports[`List > :props > :footer is a string 1`] = `
VueWrapper {
  "_emitted": {
    "hook:mounted": [
      [],
    ],
  },
  "_emittedByOrder": [
    {
      "args": [],
      "name": "hook:mounted",
    },
  ],
  "isFunctionalComponent": undefined,
}
`;

exports[`List > :props > :header is a function, () => VNode. 1`] = `
VueWrapper {
  "_emitted": {
    "hook:mounted": [
      [],
    ],
  },
  "_emittedByOrder": [
    {
      "args": [],
      "name": "hook:mounted",
    },
  ],
  "isFunctionalComponent": undefined,
}
`;

exports[`List > :props > :header is a string 1`] = `
VueWrapper {
  "_emitted": {
    "hook:mounted": [
      [],
    ],
  },
  "_emittedByOrder": [
    {
      "args": [],
      "name": "hook:mounted",
    },
  ],
  "isFunctionalComponent": undefined,
}
`;

exports[`List > :props > :layout 1`] = `
VueWrapper {
  "_emitted": {
    "hook:mounted": [
      [],
    ],
  },
  "_emittedByOrder": [
    {
      "args": [],
      "name": "hook:mounted",
    },
  ],
  "isFunctionalComponent": undefined,
}
`;

exports[`List > :props > :size 1`] = `
VueWrapper {
  "_emitted": {
    "hook:mounted": [
      [],
    ],
  },
  "_emittedByOrder": [
    {
      "args": [],
      "name": "hook:mounted",
    },
  ],
  "isFunctionalComponent": undefined,
}
`;

exports[`List > :props > :split 1`] = `
VueWrapper {
  "_emitted": {
    "hook:mounted": [
      [],
    ],
  },
  "_emittedByOrder": [
    {
      "args": [],
      "name": "hook:mounted",
    },
  ],
  "isFunctionalComponent": undefined,
}
`;

exports[`List > :props > :stripe 1`] = `
VueWrapper {
  "_emitted": {
    "hook:mounted": [
      [],
    ],
  },
  "_emittedByOrder": [
    {
      "args": [],
      "name": "hook:mounted",
    },
  ],
  "isFunctionalComponent": undefined,
}
`;

exports[`ListItem > :props > :action 1`] = `
VueWrapper {
  "_emitted": {
    "hook:mounted": [
      [],
    ],
  },
  "_emittedByOrder": [
    {
      "args": [],
      "name": "hook:mounted",
    },
  ],
  "isFunctionalComponent": undefined,
}
`;

exports[`ListItem > :props > :action is a function, () => VNode. 1`] = `
VueWrapper {
  "_emitted": {
    "hook:mounted": [
      [],
    ],
  },
  "_emittedByOrder": [
    {
      "args": [],
      "name": "hook:mounted",
    },
  ],
  "isFunctionalComponent": undefined,
}
`;

exports[`ListItem > :props > :content 1`] = `
VueWrapper {
  "_emitted": {
    "hook:mounted": [
      [],
    ],
  },
  "_emittedByOrder": [
    {
      "args": [],
      "name": "hook:mounted",
    },
  ],
  "isFunctionalComponent": undefined,
}
`;

exports[`ListItem > :props > :content is a function, () => VNode. 1`] = `
VueWrapper {
  "_emitted": {
    "hook:mounted": [
      [],
    ],
  },
  "_emittedByOrder": [
    {
      "args": [],
      "name": "hook:mounted",
    },
  ],
  "isFunctionalComponent": undefined,
}
`;

exports[`ListItem > :props > :default 1`] = `
VueWrapper {
  "_emitted": {
    "hook:mounted": [
      [],
    ],
  },
  "_emittedByOrder": [
    {
      "args": [],
      "name": "hook:mounted",
    },
  ],
  "isFunctionalComponent": undefined,
}
`;

exports[`ListItem > :props > :default is a function, () => VNode. 1`] = `
VueWrapper {
  "_emitted": {
    "hook:mounted": [
      [],
    ],
  },
  "_emittedByOrder": [
    {
      "args": [],
      "name": "hook:mounted",
    },
  ],
  "isFunctionalComponent": undefined,
}
`;

exports[`ListItemMeta > :props > :description 1`] = `
VueWrapper {
  "_emitted": {
    "hook:mounted": [
      [],
    ],
  },
  "_emittedByOrder": [
    {
      "args": [],
      "name": "hook:mounted",
    },
  ],
  "isFunctionalComponent": undefined,
}
`;

exports[`ListItemMeta > :props > :description is a function, () => VNode. 1`] = `
VueWrapper {
  "_emitted": {
    "hook:mounted": [
      [],
    ],
  },
  "_emittedByOrder": [
    {
      "args": [],
      "name": "hook:mounted",
    },
  ],
  "isFunctionalComponent": undefined,
}
`;

exports[`ListItemMeta > :props > :image 1`] = `
VueWrapper {
  "_emitted": {
    "hook:mounted": [
      [],
    ],
  },
  "_emittedByOrder": [
    {
      "args": [],
      "name": "hook:mounted",
    },
  ],
  "isFunctionalComponent": undefined,
}
`;

exports[`ListItemMeta > :props > :image is a function, () => VNode. 1`] = `
VueWrapper {
  "_emitted": {
    "hook:mounted": [
      [],
    ],
  },
  "_emittedByOrder": [
    {
      "args": [],
      "name": "hook:mounted",
    },
  ],
  "isFunctionalComponent": undefined,
}
`;

exports[`ListItemMeta > :props > :title 1`] = `
VueWrapper {
  "_emitted": {
    "hook:mounted": [
      [],
    ],
  },
  "_emittedByOrder": [
    {
      "args": [],
      "name": "hook:mounted",
    },
  ],
  "isFunctionalComponent": undefined,
}
`;

exports[`ListItemMeta > :props > :title is a function, () => VNode. 1`] = `
VueWrapper {
  "_emitted": {
    "hook:mounted": [
      [],
    ],
  },
  "_emittedByOrder": [
    {
      "args": [],
      "name": "hook:mounted",
    },
  ],
  "isFunctionalComponent": undefined,
}
`;
