// Jest Snapshot v1, https://goo.gl/fbAQLP

exports[`Loading <slot> <indicator> 1`] = `
<div class="t-loading--center t-size-m t-loading"><svg viewBox="0 0 14 14" version="1.1" width="1em" height="1em" xmlns="http://www.w3.org/2000/svg" class="t-loading__gradient t-icon-loading" size="medium">
    <foreignObject x="1" y="1" width="12" height="12">
      <div class="t-loading__gradient-conic"></div>
    </foreignObject>
  </svg></div>
`;
