// Jest Snapshot v1, https://goo.gl/fbAQLP

exports[`Textarea $attrs textarea attrs should pass to textarea element 1`] = `<div class="t-textarea" maxlength="20"><textarea maxlength="20" placeholder="please text" name="description" unselectable="off" class="t-textarea__inner"></textarea></div>`;

exports[`Textarea :props :disabled 1`] = `<div class="t-textarea t-is-disabled"><textarea disabled="disabled" unselectable="off" class="t-textarea__inner t-is-disabled"></textarea></div>`;

exports[`Textarea :props :maxlength 1`] = `<div class="t-textarea"><textarea maxlength="10" unselectable="off" class="t-textarea__inner"></textarea><span class="t-textarea__limit">0/10</span></div>`;

exports[`Textarea :props :readonly 1`] = `<div class="t-textarea t-is-readonly"><textarea readonly="readonly" unselectable="on" class="t-textarea__inner"></textarea></div>`;
