// Jest Snapshot v1, https://goo.gl/fbAQLP

exports[`Dropdown Demo CustomUsageExample wroks fine 1`] = `
<div>
  <button
    class="t-button t-size-m t-button--variant-text t-button--theme-default"
    type="button"
  >
    <span
      class="t-button__text"
    >
      下拉菜单
    </span>
  </button>
</div>
`;

exports[`Dropdown Demo DisableUsageExample wroks fine 1`] = `
<div
  class="tdesign-demo-dropdown"
>
  <button
    class="t-button t-size-m t-button--variant-text t-button--theme-default"
    type="button"
  >
    <span
      class="t-button__text"
    >
      <span
        class="tdesign-demo-dropdown__text"
      >
        
        下拉菜单
        
        <svg
          class="t-icon t-icon-chevron-down"
          fill="none"
          height="1em"
          viewBox="0 0 16 16"
          width="1em"
        >
          <path
            d="M3.54 6.46l.92-.92L8 9.08l3.54-3.54.92.92L8 10.92 3.54 6.46z"
            fill="currentColor"
            fill-opacity="0.9"
          />
        </svg>
      </span>
    </span>
  </button>
</div>
`;

exports[`Dropdown Demo EventUsageExample wroks fine 1`] = `
<div>
  <button
    class="t-button t-size-m t-button--variant-text t-button--theme-default"
    type="button"
  >
    <span
      class="t-button__text"
    >
      下拉菜单
    </span>
  </button>
</div>
`;

exports[`Dropdown Demo LongUsageExample wroks fine 1`] = `
<div>
  <button
    class="t-button t-size-m t-button--variant-text t-button--theme-default"
    type="button"
  >
    <span
      class="t-button__text"
    >
      下拉菜单
    </span>
  </button>
</div>
`;

exports[`Dropdown Demo MultipleUsageExample wroks fine 1`] = `
<div
  class="tdesign-demo-dropdown"
>
  <button
    class="t-button t-size-m t-button--variant-text t-button--theme-default"
    type="button"
  >
    <span
      class="t-button__text"
    >
      <span
        class="tdesign-demo-dropdown__text"
      >
        
        下拉菜单
        
        <svg
          class="t-icon t-icon-chevron-down"
          fill="none"
          height="1em"
          viewBox="0 0 16 16"
          width="1em"
        >
          <path
            d="M3.54 6.46l.92-.92L8 9.08l3.54-3.54.92.92L8 10.92 3.54 6.46z"
            fill="currentColor"
            fill-opacity="0.9"
          />
        </svg>
      </span>
    </span>
  </button>
</div>
`;

exports[`Dropdown Demo SplitUsageExample wroks fine 1`] = `
<div>
  <button
    class="t-button t-size-m t-button--variant-outline t-button--theme-default"
    type="button"
  >
    <span
      class="t-button__text"
    >
      下拉菜单
    </span>
  </button>
</div>
`;

exports[`Dropdown Demo buttonUsageExample wroks fine 1`] = `
<div>
  <button
    class="t-button t-size-m t-button--variant-outline t-button--theme-default"
    type="button"
  >
    <span
      class="t-button__text"
    >
      下拉菜单
    </span>
  </button>
</div>
`;

exports[`Dropdown base demo works fine 1`] = `
<div
  class="tdesign-demo-dropdown"
>
  <button
    class="t-button t-size-m t-button--variant-text t-button--theme-default"
    type="button"
  >
    <span
      class="t-button__text"
    >
      <span
        class="tdesign-demo-dropdown__text"
      >
        
        下拉菜单
        
        <svg
          class="t-icon t-icon-chevron-down"
          fill="none"
          height="1em"
          viewBox="0 0 16 16"
          width="1em"
        >
          <path
            d="M3.54 6.46l.92-.92L8 9.08l3.54-3.54.92.92L8 10.92 3.54 6.46z"
            fill="currentColor"
            fill-opacity="0.9"
          />
        </svg>
      </span>
    </span>
  </button>
</div>
`;
