// Jest Snapshot v1, https://goo.gl/fbAQLP

exports[`Time-picker base demo works fine 1`] = `
<div
  class="tdesign-demo-block"
>
  <div
    class="demos t-time-picker__group t-time-picker t-size-m"
  >
    <div
      class="t-input t-size-m t-is-readonly t-input--suffix"
    >
      <input
        class="t-input__inner"
        placeholder=" "
        readonly="readonly"
        type="text"
        unselectable="on"
      />
      <span
        class="t-input__suffix t-input__suffix-icon"
      >
        <svg
          class="t-icon t-icon-time"
          fill="none"
          height="1em"
          viewBox="0 0 16 16"
          width="1em"
        >
          <path
            d="M7.5 4v4.39L10 11l.7-.7-2.2-2.33V4h-1z"
            fill="currentColor"
            fill-opacity="0.9"
          />
          <path
            d="M15 8A7 7 0 111 8a7 7 0 0114 0zm-1 0A6 6 0 102 8a6 6 0 0012 0z"
            fill="currentColor"
            fill-opacity="0.9"
          />
        </svg>
      </span>
    </div>
    <div
      class="t-time-picker__input"
      size="medium"
    >
      <span
        class="t-time-picker__input-item"
      >
        <input
          class="t-time-picker__input-item-input"
          disabled="disabled"
        />
      </span>
      <span
        class="t-time-picker__input-item"
      >
        :
        <input
          class="t-time-picker__input-item-input"
          disabled="disabled"
        />
      </span>
      <span
        class="t-time-picker__input-item"
      >
        :
        <input
          class="t-time-picker__input-item-input"
          disabled="disabled"
        />
      </span>
    </div>
  </div>
   
  <div
    class="demos t-time-picker__group t-time-picker t-size-m"
  >
    <div
      class="t-input t-size-m t-is-readonly t-input--suffix"
    >
      <input
        class="t-input__inner"
        placeholder=" "
        readonly="readonly"
        type="text"
        unselectable="on"
      />
      <span
        class="t-input__suffix t-input__suffix-icon"
      >
        <svg
          class="t-icon t-icon-time"
          fill="none"
          height="1em"
          viewBox="0 0 16 16"
          width="1em"
        >
          <path
            d="M7.5 4v4.39L10 11l.7-.7-2.2-2.33V4h-1z"
            fill="currentColor"
            fill-opacity="0.9"
          />
          <path
            d="M15 8A7 7 0 111 8a7 7 0 0114 0zm-1 0A6 6 0 102 8a6 6 0 0012 0z"
            fill="currentColor"
            fill-opacity="0.9"
          />
        </svg>
      </span>
    </div>
    <div
      class="t-time-picker__input"
      size="medium"
    >
      <span
        class="t-time-picker__input-item"
      >
        <input
          class="t-time-picker__input-item-input"
          disabled="disabled"
        />
      </span>
      <span
        class="t-time-picker__input-item"
      >
        :
        <input
          class="t-time-picker__input-item-input"
          disabled="disabled"
        />
      </span>
      <span
        class="t-time-picker__input-item"
      >
        :
        <input
          class="t-time-picker__input-item-input"
          disabled="disabled"
        />
      </span>
    </div>
  </div>
</div>
`;
