// Vitest Snapshot v1

exports[`Avatar > :props > :icon 1`] = `
VueWrapper {
  "_emitted": {
    "hook:mounted": [
      [],
    ],
  },
  "_emittedByOrder": [
    {
      "args": [],
      "name": "hook:mounted",
    },
  ],
  "isFunctionalComponent": undefined,
}
`;

exports[`Avatar > :props > :image 1`] = `
VueWrapper {
  "_emitted": {
    "hook:mounted": [
      [],
    ],
  },
  "_emittedByOrder": [
    {
      "args": [],
      "name": "hook:mounted",
    },
  ],
  "isFunctionalComponent": undefined,
}
`;

exports[`Avatar > :props > :shape 1`] = `
VueWrapper {
  "_emitted": {
    "hook:mounted": [
      [],
    ],
  },
  "_emittedByOrder": [
    {
      "args": [],
      "name": "hook:mounted",
    },
  ],
  "isFunctionalComponent": undefined,
}
`;

exports[`Avatar > :props > :size 1`] = `
VueWrapper {
  "_emitted": {
    "hook:mounted": [
      [],
    ],
  },
  "_emittedByOrder": [
    {
      "args": [],
      "name": "hook:mounted",
    },
  ],
  "isFunctionalComponent": undefined,
}
`;

exports[`Avatar > <slot> > <icon> 1`] = `
VueWrapper {
  "_emitted": {
    "hook:mounted": [
      [],
    ],
  },
  "_emittedByOrder": [
    {
      "args": [],
      "name": "hook:mounted",
    },
  ],
  "isFunctionalComponent": undefined,
}
`;

exports[`AvatarGroup > :props > :cascading 1`] = `
VueWrapper {
  "_emitted": {
    "hook:mounted": [
      [],
    ],
  },
  "_emittedByOrder": [
    {
      "args": [],
      "name": "hook:mounted",
    },
  ],
  "isFunctionalComponent": undefined,
}
`;

exports[`AvatarGroup > :props > :collapseAvatar 1`] = `
VueWrapper {
  "_emitted": {
    "hook:mounted": [
      [],
    ],
  },
  "_emittedByOrder": [
    {
      "args": [],
      "name": "hook:mounted",
    },
  ],
  "isFunctionalComponent": undefined,
}
`;

exports[`AvatarGroup > :props > :max 1`] = `
VueWrapper {
  "_emitted": {
    "hook:mounted": [
      [],
    ],
  },
  "_emittedByOrder": [
    {
      "args": [],
      "name": "hook:mounted",
    },
  ],
  "isFunctionalComponent": undefined,
}
`;

exports[`AvatarGroup > :props > :placement 1`] = `
VueWrapper {
  "_emitted": {
    "hook:mounted": [
      [],
    ],
  },
  "_emittedByOrder": [
    {
      "args": [],
      "name": "hook:mounted",
    },
  ],
  "isFunctionalComponent": undefined,
}
`;

exports[`AvatarGroup > :props > :popupProps 1`] = `
VueWrapper {
  "_emitted": {
    "hook:mounted": [
      [],
    ],
  },
  "_emittedByOrder": [
    {
      "args": [],
      "name": "hook:mounted",
    },
  ],
  "isFunctionalComponent": undefined,
}
`;

exports[`AvatarGroup > :props > :size 1`] = `
VueWrapper {
  "_emitted": {
    "hook:mounted": [
      [],
    ],
  },
  "_emittedByOrder": [
    {
      "args": [],
      "name": "hook:mounted",
    },
  ],
  "isFunctionalComponent": undefined,
}
`;
